../Core/Src/main.c:75:5:main	8	static
../Core/Src/main.c:138:6:SystemClock_Config	96	static
../Core/Src/main.c:187:13:MX_NVIC_Init	8	static
../Core/Src/main.c:199:13:MX_TIM1_Init	40	static
../Core/Src/main.c:246:13:MX_TIM2_Init	40	static
../Core/Src/main.c:291:13:MX_TIM4_Init	56	static
../Core/Src/main.c:349:13:MX_TIM5_Init	64	static
../Core/Src/main.c:408:13:MX_TIM15_Init	112	static
../Core/Src/main.c:483:13:MX_GPIO_Init	48	static
../Core/Src/main.c:561:6:Error_Handler	4	static,ignoring_inline_asm
