Archive member included to satisfy reference by file (symbol)

/opt/st/stm32cubeide_1.18.0/plugins/com.st.stm32cube.ide.mcu.externaltools.gnu-tools-for-stm32.13.3.rel1.linux64_1.0.0.202410170706/tools/bin/../lib/gcc/arm-none-eabi/13.3.1/../../../../arm-none-eabi/lib/thumb/v7e-m+fp/hard/libc_nano.a(libc_a-exit.o)
                              /opt/st/stm32cubeide_1.18.0/plugins/com.st.stm32cube.ide.mcu.externaltools.gnu-tools-for-stm32.13.3.rel1.linux64_1.0.0.202410170706/tools/bin/../lib/gcc/arm-none-eabi/13.3.1/../../../../arm-none-eabi/lib/thumb/v7e-m+fp/hard/crt0.o (exit)
/opt/st/stm32cubeide_1.18.0/plugins/com.st.stm32cube.ide.mcu.externaltools.gnu-tools-for-stm32.13.3.rel1.linux64_1.0.0.202410170706/tools/bin/../lib/gcc/arm-none-eabi/13.3.1/../../../../arm-none-eabi/lib/thumb/v7e-m+fp/hard/libc_nano.a(libc_a-findfp.o)
                              /opt/st/stm32cubeide_1.18.0/plugins/com.st.stm32cube.ide.mcu.externaltools.gnu-tools-for-stm32.13.3.rel1.linux64_1.0.0.202410170706/tools/bin/../lib/gcc/arm-none-eabi/13.3.1/../../../../arm-none-eabi/lib/thumb/v7e-m+fp/hard/libc_nano.a(libc_a-exit.o) (__stdio_exit_handler)
/opt/st/stm32cubeide_1.18.0/plugins/com.st.stm32cube.ide.mcu.externaltools.gnu-tools-for-stm32.13.3.rel1.linux64_1.0.0.202410170706/tools/bin/../lib/gcc/arm-none-eabi/13.3.1/../../../../arm-none-eabi/lib/thumb/v7e-m+fp/hard/libc_nano.a(libc_a-fwalk.o)
                              /opt/st/stm32cubeide_1.18.0/plugins/com.st.stm32cube.ide.mcu.externaltools.gnu-tools-for-stm32.13.3.rel1.linux64_1.0.0.202410170706/tools/bin/../lib/gcc/arm-none-eabi/13.3.1/../../../../arm-none-eabi/lib/thumb/v7e-m+fp/hard/libc_nano.a(libc_a-findfp.o) (_fwalk_sglue)
/opt/st/stm32cubeide_1.18.0/plugins/com.st.stm32cube.ide.mcu.externaltools.gnu-tools-for-stm32.13.3.rel1.linux64_1.0.0.202410170706/tools/bin/../lib/gcc/arm-none-eabi/13.3.1/../../../../arm-none-eabi/lib/thumb/v7e-m+fp/hard/libc_nano.a(libc_a-stdio.o)
                              /opt/st/stm32cubeide_1.18.0/plugins/com.st.stm32cube.ide.mcu.externaltools.gnu-tools-for-stm32.13.3.rel1.linux64_1.0.0.202410170706/tools/bin/../lib/gcc/arm-none-eabi/13.3.1/../../../../arm-none-eabi/lib/thumb/v7e-m+fp/hard/libc_nano.a(libc_a-findfp.o) (__sread)
/opt/st/stm32cubeide_1.18.0/plugins/com.st.stm32cube.ide.mcu.externaltools.gnu-tools-for-stm32.13.3.rel1.linux64_1.0.0.202410170706/tools/bin/../lib/gcc/arm-none-eabi/13.3.1/../../../../arm-none-eabi/lib/thumb/v7e-m+fp/hard/libc_nano.a(libc_a-memset.o)
                              /opt/st/stm32cubeide_1.18.0/plugins/com.st.stm32cube.ide.mcu.externaltools.gnu-tools-for-stm32.13.3.rel1.linux64_1.0.0.202410170706/tools/bin/../lib/gcc/arm-none-eabi/13.3.1/../../../../arm-none-eabi/lib/thumb/v7e-m+fp/hard/crt0.o (memset)
/opt/st/stm32cubeide_1.18.0/plugins/com.st.stm32cube.ide.mcu.externaltools.gnu-tools-for-stm32.13.3.rel1.linux64_1.0.0.202410170706/tools/bin/../lib/gcc/arm-none-eabi/13.3.1/../../../../arm-none-eabi/lib/thumb/v7e-m+fp/hard/libc_nano.a(libc_a-closer.o)
                              /opt/st/stm32cubeide_1.18.0/plugins/com.st.stm32cube.ide.mcu.externaltools.gnu-tools-for-stm32.13.3.rel1.linux64_1.0.0.202410170706/tools/bin/../lib/gcc/arm-none-eabi/13.3.1/../../../../arm-none-eabi/lib/thumb/v7e-m+fp/hard/libc_nano.a(libc_a-stdio.o) (_close_r)
/opt/st/stm32cubeide_1.18.0/plugins/com.st.stm32cube.ide.mcu.externaltools.gnu-tools-for-stm32.13.3.rel1.linux64_1.0.0.202410170706/tools/bin/../lib/gcc/arm-none-eabi/13.3.1/../../../../arm-none-eabi/lib/thumb/v7e-m+fp/hard/libc_nano.a(libc_a-reent.o)
                              /opt/st/stm32cubeide_1.18.0/plugins/com.st.stm32cube.ide.mcu.externaltools.gnu-tools-for-stm32.13.3.rel1.linux64_1.0.0.202410170706/tools/bin/../lib/gcc/arm-none-eabi/13.3.1/../../../../arm-none-eabi/lib/thumb/v7e-m+fp/hard/libc_nano.a(libc_a-closer.o) (errno)
/opt/st/stm32cubeide_1.18.0/plugins/com.st.stm32cube.ide.mcu.externaltools.gnu-tools-for-stm32.13.3.rel1.linux64_1.0.0.202410170706/tools/bin/../lib/gcc/arm-none-eabi/13.3.1/../../../../arm-none-eabi/lib/thumb/v7e-m+fp/hard/libc_nano.a(libc_a-impure.o)
                              /opt/st/stm32cubeide_1.18.0/plugins/com.st.stm32cube.ide.mcu.externaltools.gnu-tools-for-stm32.13.3.rel1.linux64_1.0.0.202410170706/tools/bin/../lib/gcc/arm-none-eabi/13.3.1/../../../../arm-none-eabi/lib/thumb/v7e-m+fp/hard/libc_nano.a(libc_a-reent.o) (_impure_ptr)
/opt/st/stm32cubeide_1.18.0/plugins/com.st.stm32cube.ide.mcu.externaltools.gnu-tools-for-stm32.13.3.rel1.linux64_1.0.0.202410170706/tools/bin/../lib/gcc/arm-none-eabi/13.3.1/../../../../arm-none-eabi/lib/thumb/v7e-m+fp/hard/libc_nano.a(libc_a-lseekr.o)
                              /opt/st/stm32cubeide_1.18.0/plugins/com.st.stm32cube.ide.mcu.externaltools.gnu-tools-for-stm32.13.3.rel1.linux64_1.0.0.202410170706/tools/bin/../lib/gcc/arm-none-eabi/13.3.1/../../../../arm-none-eabi/lib/thumb/v7e-m+fp/hard/libc_nano.a(libc_a-stdio.o) (_lseek_r)
[...]
Memory Configuration

Name             Origin             Length             Attributes
RAM              0x20000000         0x00018000         xrw
RAM2             0x10000000         0x00008000         xrw
FLASH            0x08000000         0x00100000         xr
*default*        0x00000000         0xffffffff

Linker script and memory map

LOAD /opt/st/stm32cubeide_1.18.0/plugins/com.st.stm32cube.ide.mcu.externaltools.gnu-tools-for-stm32.13.3.rel1.linux64_1.0.0.202410170706/tools/bin/../lib/gcc/arm-none-eabi/13.3.1/thumb/v7e-m+fp/hard/crti.o
LOAD /opt/st/stm32cubeide_1.18.0/plugins/com.st.stm32cube.ide.mcu.externaltools.gnu-tools-for-stm32.13.3.rel1.linux64_1.0.0.202410170706/tools/bin/../lib/gcc/arm-none-eabi/13.3.1/thumb/v7e-m+fp/hard/crtbegin.o
LOAD /opt/st/stm32cubeide_1.18.0/plugins/com.st.stm32cube.ide.mcu.externaltools.gnu-tools-for-stm32.13.3.rel1.linux64_1.0.0.202410170706/tools/bin/../lib/gcc/arm-none-eabi/13.3.1/../../../../arm-none-eabi/lib/thumb/v7e-m+fp/hard/crt0.o
LOAD ./Core/Src/emitter.o
LOAD ./Core/Src/greenLed.o
LOAD ./Core/Src/main.o
LOAD ./Core/Src/motor.o
LOAD ./Core/Src/receiver.o
LOAD ./Core/Src/scheduler.o
LOAD ./Core/Src/stm32l4xx_hal_msp.o
LOAD ./Core/Src/stm32l4xx_it.o
LOAD ./Core/Src/syscalls.o
LOAD ./Core/Src/sysmem.o
LOAD ./Core/Src/system_stm32l4xx.o
LOAD ./Core/Src/task.o
LOAD ./Core/Src/ultrasonic.o
LOAD ./Core/Src/utils.o
LOAD ./Core/Startup/startup_stm32l476rgtx.o
LOAD ./Drivers/STM32L4xx_HAL_Driver/Src/stm32l4xx_hal.o
LOAD ./Drivers/STM32L4xx_HAL_Driver/Src/stm32l4xx_hal_cortex.o
LOAD ./Drivers/STM32L4xx_HAL_Driver/Src/stm32l4xx_hal_dma.o
LOAD ./Drivers/STM32L4xx_HAL_Driver/Src/stm32l4xx_hal_dma_ex.o
LOAD ./Drivers/STM32L4xx_HAL_Driver/Src/stm32l4xx_hal_exti.o
LOAD ./Drivers/STM32L4xx_HAL_Driver/Src/stm32l4xx_hal_flash.o
LOAD ./Drivers/STM32L4xx_HAL_Driver/Src/stm32l4xx_hal_flash_ex.o
LOAD ./Drivers/STM32L4xx_HAL_Driver/Src/stm32l4xx_hal_flash_ramfunc.o
LOAD ./Drivers/STM32L4xx_HAL_Driver/Src/stm32l4xx_hal_gpio.o
LOAD ./Drivers/STM32L4xx_HAL_Driver/Src/stm32l4xx_hal_i2c.o
LOAD ./Drivers/STM32L4xx_HAL_Driver/Src/stm32l4xx_hal_i2c_ex.o
LOAD ./Drivers/STM32L4xx_HAL_Driver/Src/stm32l4xx_hal_pwr.o
LOAD ./Drivers/STM32L4xx_HAL_Driver/Src/stm32l4xx_hal_pwr_ex.o
LOAD ./Drivers/STM32L4xx_HAL_Driver/Src/stm32l4xx_hal_rcc.o
LOAD ./Drivers/STM32L4xx_HAL_Driver/Src/stm32l4xx_hal_rcc_ex.o
LOAD ./Drivers/STM32L4xx_HAL_Driver/Src/stm32l4xx_hal_tim.o
LOAD ./Drivers/STM32L4xx_HAL_Driver/Src/stm32l4xx_hal_tim_ex.o
START GROUP
LOAD /opt/st/stm32cubeide_1.18.0/plugins/com.st.stm32cube.ide.mcu.externaltools.gnu-tools-for-stm32.13.3.rel1.linux64_1.0.0.202410170706/tools/bin/../lib/gcc/arm-none-eabi/13.3.1/../../../../arm-none-eabi/lib/thumb/v7e-m+fp/hard/libc_nano.a
LOAD /opt/st/stm32cubeide_1.18.0/plugins/com.st.stm32cube.ide.mcu.externaltools.gnu-tools-for-stm32.13.3.rel1.linux64_1.0.0.202410170706/tools/bin/../lib/gcc/arm-none-eabi/13.3.1/../../../../arm-none-eabi/lib/thumb/v7e-m+fp/hard/libm.a
END GROUP
START GROUP
LOAD /opt/st/stm32cubeide_1.18.0/plugins/com.st.stm32cube.ide.mcu.externaltools.gnu-tools-for-stm32.13.3.rel1.linux64_1.0.0.202410170706/tools/bin/../lib/gcc/arm-none-eabi/13.3.1/thumb/v7e-m+fp/hard/libgcc.a
LOAD /opt/st/stm32cubeide_1.18.0/plugins/com.st.stm32cube.ide.mcu.externaltools.gnu-tools-for-stm32.13.3.rel1.linux64_1.0.0.202410170706/tools/bin/../lib/gcc/arm-none-eabi/13.3.1/../../../../arm-none-eabi/lib/thumb/v7e-m+fp/hard/libc_nano.a
END GROUP
START GROUP
LOAD /opt/st/stm32cubeide_1.18.0/plugins/com.st.stm32cube.ide.mcu.externaltools.gnu-tools-for-stm32.13.3.rel1.linux64_1.0.0.202410170706/tools/bin/../lib/gcc/arm-none-eabi/13.3.1/thumb/v7e-m+fp/hard/libgcc.a
LOAD /opt/st/stm32cubeide_1.18.0/plugins/com.st.stm32cube.ide.mcu.externaltools.gnu-tools-for-stm32.13.3.rel1.linux64_1.0.0.202410170706/tools/bin/../lib/gcc/arm-none-eabi/13.3.1/../../../../arm-none-eabi/lib/thumb/v7e-m+fp/hard/libc_nano.a
LOAD /opt/st/stm32cubeide_1.18.0/plugins/com.st.stm32cube.ide.mcu.externaltools.gnu-tools-for-stm32.13.3.rel1.linux64_1.0.0.202410170706/tools/bin/../lib/gcc/arm-none-eabi/13.3.1/../../../../arm-none-eabi/lib/thumb/v7e-m+fp/hard/libnosys.a
END GROUP
START GROUP
LOAD /opt/st/stm32cubeide_1.18.0/plugins/com.st.stm32cube.ide.mcu.externaltools.gnu-tools-for-stm32.13.3.rel1.linux64_1.0.0.202410170706/tools/bin/../lib/gcc/arm-none-eabi/13.3.1/thumb/v7e-m+fp/hard/libgcc.a
LOAD /opt/st/stm32cubeide_1.18.0/plugins/com.st.stm32cube.ide.mcu.externaltools.gnu-tools-for-stm32.13.3.rel1.linux64_1.0.0.202410170706/tools/bin/../lib/gcc/arm-none-eabi/13.3.1/../../../../arm-none-eabi/lib/thumb/v7e-m+fp/hard/libc_nano.a
LOAD /opt/st/stm32cubeide_1.18.0/plugins/com.st.stm32cube.ide.mcu.externaltools.gnu-tools-for-stm32.13.3.rel1.linux64_1.0.0.202410170706/tools/bin/../lib/gcc/arm-none-eabi/13.3.1/../../../../arm-none-eabi/lib/thumb/v7e-m+fp/hard/libnosys.a
END GROUP
LOAD /opt/st/stm32cubeide_1.18.0/plugins/com.st.stm32cube.ide.mcu.externaltools.gnu-tools-for-stm32.13.3.rel1.linux64_1.0.0.202410170706/tools/bin/../lib/gcc/arm-none-eabi/13.3.1/thumb/v7e-m+fp/hard/crtend.o
LOAD /opt/st/stm32cubeide_1.18.0/plugins/com.st.stm32cube.ide.mcu.externaltools.gnu-tools-for-stm32.13.3.rel1.linux64_1.0.0.202410170706/tools/bin/../lib/gcc/arm-none-eabi/13.3.1/thumb/v7e-m+fp/hard/crtn.o
                0x20018000                        _estack = (ORIGIN (RAM) + LENGTH (RAM))
                0x00000200                        _Min_Heap_Size = 0x200
                0x00000400                        _Min_Stack_Size = 0x400

.isr_vector     0x08000000      0x188
                0x08000000                        . = ALIGN (0x4)
 *(.isr_vector)
 .isr_vector    0x08000000      0x188 ./Core/Startup/startup_stm32l476rgtx.o
                0x08000000                g_pfnVectors
                0x08000188                        . = ALIGN (0x4)

.text           0x08000188     0x3b10
                0x08000188                        . = ALIGN (0x4)
 *(.text)
 .text          0x08000188       0x40 /opt/st/stm32cubeide_1.18.0/plugins/com.st.stm32cube.ide.mcu.externaltools.gnu-tools-for-stm32.13.3.rel1.linux64_1.0.0.202410170706/tools/bin/../lib/gcc/arm-none-eabi/13.3.1/thumb/v7e-m+fp/hard/crtbegin.o
 *(.text*)
 .text.setEmitter
                0x080001c8       0x22 ./Core/Src/emitter.o
                0x080001c8                setEmitter
 .text.setGreenLed
                0x080001ea       0x20 ./Core/Src/greenLed.o
                0x080001ea                setGreenLed
 *fill*         0x0800020a        0x2 
 .text.main     0x0800020c       0x64 ./Core/Src/main.o
                0x0800020c                main
 .text.SystemClock_Config
                0x08000270       0xa2 ./Core/Src/main.o
                0x08000270                SystemClock_Config
 .text.MX_NVIC_Init
                0x08000312       0x18 ./Core/Src/main.o
 *fill*         0x0800032a        0x2 
 .text.MX_TIM1_Init
                0x0800032c       0xa8 ./Core/Src/main.o
 .text.MX_TIM2_Init
                0x080003d4       0x98 ./Core/Src/main.o
 .text.MX_TIM4_Init
                0x0800046c       0xe4 ./Core/Src/main.o
 .text.MX_TIM5_Init
                0x08000550       0xf0 ./Core/Src/main.o
 .text.MX_TIM15_Init
                0x08000640      0x144 ./Core/Src/main.o
 .text.MX_GPIO_Init
                0x08000784      0x168 ./Core/Src/main.o
 .text.Error_Handler
                0x080008ec        0xc ./Core/Src/main.o
                0x080008ec                Error_Handler
 .text.RECEIVER_GetLevel
                0x080008f8       0x20 ./Core/Src/receiver.o
                0x080008f8                RECEIVER_GetLevel
 .text.RECEIVER_GetActivate
                0x08000918       0x38 ./Core/Src/receiver.o
                0x08000918                RECEIVER_GetActivate
 .text.schedulerStep_IR
                0x08000950       0x58 ./Core/Src/scheduler.o
                0x08000950                schedulerStep_IR
 .text.HAL_TIM_PeriodElapsedCallback
                0x080009a8       0x74 ./Core/Src/scheduler.o
                0x080009a8                HAL_TIM_PeriodElapsedCallback
 .text.HAL_GPIO_EXTI_Callback
                0x08000a1c       0x34 ./Core/Src/scheduler.o
                0x08000a1c                HAL_GPIO_EXTI_Callback
 .text.HAL_MspInit
                0x08000a50       0x48 ./Core/Src/stm32l4xx_hal_msp.o
                0x08000a50                HAL_MspInit
 .text.HAL_TIM_Base_MspInit
                0x08000a98      0x134 ./Core/Src/stm32l4xx_hal_msp.o
                0x08000a98                HAL_TIM_Base_MspInit
 .text.HAL_TIM_MspPostInit
                0x08000bcc       0xb8 ./Core/Src/stm32l4xx_hal_msp.o
                0x08000bcc                HAL_TIM_MspPostInit
 .text.NMI_Handler
                0x08000c84        0x8 ./Core/Src/stm32l4xx_it.o
                0x08000c84                NMI_Handler
 .text.HardFault_Handler
                0x08000c8c        0x8 ./Core/Src/stm32l4xx_it.o
                0x08000c8c                HardFault_Handler
 .text.MemManage_Handler
                0x08000c94        0x8 ./Core/Src/stm32l4xx_it.o
                0x08000c94                MemManage_Handler
 .text.BusFault_Handler
                0x08000c9c        0x8 ./Core/Src/stm32l4xx_it.o
                0x08000c9c                BusFault_Handler
 .text.UsageFault_Handler
                0x08000ca4        0x8 ./Core/Src/stm32l4xx_it.o
                0x08000ca4                UsageFault_Handler
 .text.SVC_Handler
                0x08000cac        0xe ./Core/Src/stm32l4xx_it.o
                0x08000cac                SVC_Handler
 .text.DebugMon_Handler
                0x08000cba        0xe ./Core/Src/stm32l4xx_it.o
                0x08000cba                DebugMon_Handler
 .text.PendSV_Handler
                0x08000cc8        0xe ./Core/Src/stm32l4xx_it.o
                0x08000cc8                PendSV_Handler
 .text.SysTick_Handler
                0x08000cd6        0xc ./Core/Src/stm32l4xx_it.o
                0x08000cd6                SysTick_Handler
 .text.EXTI1_IRQHandler
                0x08000ce2        0xe ./Core/Src/stm32l4xx_it.o
                0x08000ce2                EXTI1_IRQHandler
 .text.TIM2_IRQHandler
                0x08000cf0       0x14 ./Core/Src/stm32l4xx_it.o
                0x08000cf0                TIM2_IRQHandler
 .text.TIM4_IRQHandler
                0x08000d04       0x14 ./Core/Src/stm32l4xx_it.o
                0x08000d04                TIM4_IRQHandler
 .text.SystemInit
                0x08000d18       0x24 ./Core/Src/system_stm32l4xx.o
                0x08000d18                SystemInit
 .text.TASK_Emitter
                0x08000d3c       0x3c ./Core/Src/task.o
                0x08000d3c                TASK_Emitter
 .text.TASK_Evolve
                0x08000d78       0x3c ./Core/Src/task.o
                0x08000d78                TASK_Evolve
 .text.TASK_Receiver
                0x08000db4       0x20 ./Core/Src/task.o
                0x08000db4                TASK_Receiver
 .text.handle_rising_edge
                0x08000dd4       0x20 ./Core/Src/ultrasonic.o
                0x08000dd4                handle_rising_edge
 .text.handle_falling_edge
                0x08000df4       0x7c ./Core/Src/ultrasonic.o
                0x08000df4                handle_falling_edge
 .text.setup    0x08000e70       0x40 ./Core/Src/utils.o
                0x08000e70                setup
 .text.loop     0x08000eb0       0x50 ./Core/Src/utils.o
                0x08000eb0                loop
 .text.Reset_Handler
                0x08000f00       0x50 ./Core/Startup/startup_stm32l476rgtx.o
                0x08000f00                Reset_Handler
 .text.Default_Handler
                0x08000f50        0x2 ./Core/Startup/startup_stm32l476rgtx.o
                0x08000f50                RTC_Alarm_IRQHandler
                0x08000f50                EXTI2_IRQHandler
                0x08000f50                TIM8_TRG_COM_IRQHandler
                0x08000f50                TIM8_CC_IRQHandler
                0x08000f50                TIM1_CC_IRQHandler
                0x08000f50                TSC_IRQHandler
                0x08000f50                TAMP_STAMP_IRQHandler
                0x08000f50                EXTI3_IRQHandler
                0x08000f50                LPTIM2_IRQHandler
                0x08000f50                DFSDM1_FLT1_IRQHandler
                0x08000f50                I2C3_ER_IRQHandler
                0x08000f50                DFSDM1_FLT2_IRQHandler
                0x08000f50                EXTI0_IRQHandler
                0x08000f50                I2C2_EV_IRQHandler
                0x08000f50                CAN1_RX0_IRQHandler
                0x08000f50                FPU_IRQHandler
                0x08000f50                TIM1_UP_TIM16_IRQHandler
                0x08000f50                ADC1_2_IRQHandler
                0x08000f50                SPI1_IRQHandler
                0x08000f50                TIM6_DAC_IRQHandler
                0x08000f50                TIM8_UP_IRQHandler
                0x08000f50                DMA2_Channel2_IRQHandler
                0x08000f50                DMA1_Channel4_IRQHandler
                0x08000f50                SAI2_IRQHandler
                0x08000f50                DFSDM1_FLT3_IRQHandler
                0x08000f50                USART3_IRQHandler
                0x08000f50                DMA1_Channel7_IRQHandler
                0x08000f50                CAN1_RX1_IRQHandler
                0x08000f50                LCD_IRQHandler
                0x08000f50                UART5_IRQHandler
                0x08000f50                ADC3_IRQHandler
                0x08000f50                DMA2_Channel1_IRQHandler
                0x08000f50                QUADSPI_IRQHandler
                0x08000f50                I2C1_EV_IRQHandler
                0x08000f50                DMA1_Channel6_IRQHandler
                0x08000f50                UART4_IRQHandler
                0x08000f50                DMA2_Channel4_IRQHandler
                0x08000f50                TIM3_IRQHandler
                0x08000f50                RCC_IRQHandler
                0x08000f50                DMA1_Channel1_IRQHandler
                0x08000f50                Default_Handler
                0x08000f50                DMA2_Channel7_IRQHandler
                0x08000f50                EXTI15_10_IRQHandler
                0x08000f50                TIM7_IRQHandler
                0x08000f50                SDMMC1_IRQHandler
                0x08000f50                TIM5_IRQHandler
                0x08000f50                I2C3_EV_IRQHandler
                0x08000f50                EXTI9_5_IRQHandler
                0x08000f50                RTC_WKUP_IRQHandler
                0x08000f50                PVD_PVM_IRQHandler
                0x08000f50                SPI2_IRQHandler
                0x08000f50                CAN1_TX_IRQHandler
                0x08000f50                DMA2_Channel5_IRQHandler
                0x08000f50                DMA1_Channel5_IRQHandler
                0x08000f50                EXTI4_IRQHandler
                0x08000f50                RNG_IRQHandler
                0x08000f50                TIM1_TRG_COM_TIM17_IRQHandler
                0x08000f50                DMA1_Channel3_IRQHandler
                0x08000f50                COMP_IRQHandler
                0x08000f50                WWDG_IRQHandler
                0x08000f50                LPUART1_IRQHandler
                0x08000f50                DMA2_Channel6_IRQHandler
                0x08000f50                USART2_IRQHandler
                0x08000f50                DFSDM1_FLT0_IRQHandler
                0x08000f50                I2C2_ER_IRQHandler
                0x08000f50                DMA1_Channel2_IRQHandler
                0x08000f50                TIM8_BRK_IRQHandler
                0x08000f50                CAN1_SCE_IRQHandler
                0x08000f50                FLASH_IRQHandler
                0x08000f50                USART1_IRQHandler
                0x08000f50                OTG_FS_IRQHandler
                0x08000f50                SPI3_IRQHandler
                0x08000f50                I2C1_ER_IRQHandler
                0x08000f50                FMC_IRQHandler
                0x08000f50                SWPMI1_IRQHandler
                0x08000f50                LPTIM1_IRQHandler
                0x08000f50                SAI1_IRQHandler
                0x08000f50                DMA2_Channel3_IRQHandler
                0x08000f50                TIM1_BRK_TIM15_IRQHandler
 *fill*         0x08000f52        0x2 
 .text.HAL_Init
                0x08000f54       0x40 ./Drivers/STM32L4xx_HAL_Driver/Src/stm32l4xx_hal.o
                0x08000f54                HAL_Init
 .text.HAL_InitTick
                0x08000f94       0x78 ./Drivers/STM32L4xx_HAL_Driver/Src/stm32l4xx_hal.o
                0x08000f94                HAL_InitTick
 .text.HAL_IncTick
                0x0800100c       0x28 ./Drivers/STM32L4xx_HAL_Driver/Src/stm32l4xx_hal.o
                0x0800100c                HAL_IncTick
 .text.HAL_GetTick
                0x08001034       0x18 ./Drivers/STM32L4xx_HAL_Driver/Src/stm32l4xx_hal.o
                0x08001034                HAL_GetTick
 .text.__NVIC_SetPriorityGrouping
                0x0800104c       0x48 ./Drivers/STM32L4xx_HAL_Driver/Src/stm32l4xx_hal_cortex.o
 .text.__NVIC_GetPriorityGrouping
                0x08001094       0x1c ./Drivers/STM32L4xx_HAL_Driver/Src/stm32l4xx_hal_cortex.o
 .text.__NVIC_EnableIRQ
                0x080010b0       0x3c ./Drivers/STM32L4xx_HAL_Driver/Src/stm32l4xx_hal_cortex.o
 .text.__NVIC_SetPriority
                0x080010ec       0x54 ./Drivers/STM32L4xx_HAL_Driver/Src/stm32l4xx_hal_cortex.o
 .text.NVIC_EncodePriority
                0x08001140       0x66 ./Drivers/STM32L4xx_HAL_Driver/Src/stm32l4xx_hal_cortex.o
 *fill*         0x080011a6        0x2 
 .text.SysTick_Config
                0x080011a8       0x44 ./Drivers/STM32L4xx_HAL_Driver/Src/stm32l4xx_hal_cortex.o
 .text.HAL_NVIC_SetPriorityGrouping
                0x080011ec       0x16 ./Drivers/STM32L4xx_HAL_Driver/Src/stm32l4xx_hal_cortex.o
                0x080011ec                HAL_NVIC_SetPriorityGrouping
 .text.HAL_NVIC_SetPriority
                0x08001202       0x38 ./Drivers/STM32L4xx_HAL_Driver/Src/stm32l4xx_hal_cortex.o
                0x08001202                HAL_NVIC_SetPriority
 .text.HAL_NVIC_EnableIRQ
                0x0800123a       0x1c ./Drivers/STM32L4xx_HAL_Driver/Src/stm32l4xx_hal_cortex.o
                0x0800123a                HAL_NVIC_EnableIRQ
 .text.HAL_SYSTICK_Config
                0x08001256       0x18 ./Drivers/STM32L4xx_HAL_Driver/Src/stm32l4xx_hal_cortex.o
                0x08001256                HAL_SYSTICK_Config
 *fill*         0x0800126e        0x2 
 .text.HAL_GPIO_Init
                0x08001270      0x354 ./Drivers/STM32L4xx_HAL_Driver/Src/stm32l4xx_hal_gpio.o
                0x08001270                HAL_GPIO_Init
 .text.HAL_GPIO_ReadPin
                0x080015c4       0x30 ./Drivers/STM32L4xx_HAL_Driver/Src/stm32l4xx_hal_gpio.o
                0x080015c4                HAL_GPIO_ReadPin
 .text.HAL_GPIO_WritePin
                0x080015f4       0x30 ./Drivers/STM32L4xx_HAL_Driver/Src/stm32l4xx_hal_gpio.o
                0x080015f4                HAL_GPIO_WritePin
 .text.HAL_GPIO_EXTI_IRQHandler
                0x08001624       0x30 ./Drivers/STM32L4xx_HAL_Driver/Src/stm32l4xx_hal_gpio.o
                0x08001624                HAL_GPIO_EXTI_IRQHandler
 .text.HAL_PWREx_GetVoltageRange
                0x08001654       0x1c ./Drivers/STM32L4xx_HAL_Driver/Src/stm32l4xx_hal_pwr_ex.o
                0x08001654                HAL_PWREx_GetVoltageRange
 .text.HAL_PWREx_ControlVoltageScaling
                0x08001670       0xac ./Drivers/STM32L4xx_HAL_Driver/Src/stm32l4xx_hal_pwr_ex.o
                0x08001670                HAL_PWREx_ControlVoltageScaling
 .text.HAL_RCC_OscConfig
                0x0800171c      0x7b8 ./Drivers/STM32L4xx_HAL_Driver/Src/stm32l4xx_hal_rcc.o
                0x0800171c                HAL_RCC_OscConfig
 .text.HAL_RCC_ClockConfig
                0x08001ed4      0x200 ./Drivers/STM32L4xx_HAL_Driver/Src/stm32l4xx_hal_rcc.o
                0x08001ed4                HAL_RCC_ClockConfig
 .text.HAL_RCC_GetSysClockFreq
                0x080020d4      0x118 ./Drivers/STM32L4xx_HAL_Driver/Src/stm32l4xx_hal_rcc.o
                0x080020d4                HAL_RCC_GetSysClockFreq
 .text.RCC_SetFlashLatencyFromMSIRange
                0x080021ec       0xc0 ./Drivers/STM32L4xx_HAL_Driver/Src/stm32l4xx_hal_rcc.o
 .text.HAL_TIM_Base_Init
                0x080022ac       0xae ./Drivers/STM32L4xx_HAL_Driver/Src/stm32l4xx_hal_tim.o
                0x080022ac                HAL_TIM_Base_Init
 *fill*         0x0800235a        0x2 
 .text.HAL_TIM_Base_Start_IT
                0x0800235c       0xe0 ./Drivers/STM32L4xx_HAL_Driver/Src/stm32l4xx_hal_tim.o
                0x0800235c                HAL_TIM_Base_Start_IT
 .text.HAL_TIM_PWM_Init
                0x0800243c       0xae ./Drivers/STM32L4xx_HAL_Driver/Src/stm32l4xx_hal_tim.o
                0x0800243c                HAL_TIM_PWM_Init
 .text.HAL_TIM_PWM_MspInit
                0x080024ea       0x14 ./Drivers/STM32L4xx_HAL_Driver/Src/stm32l4xx_hal_tim.o
                0x080024ea                HAL_TIM_PWM_MspInit
 *fill*         0x080024fe        0x2 
 .text.HAL_TIM_PWM_Start
                0x08002500      0x20c ./Drivers/STM32L4xx_HAL_Driver/Src/stm32l4xx_hal_tim.o
                0x08002500                HAL_TIM_PWM_Start
 .text.HAL_TIM_IC_Init
                0x0800270c       0xae ./Drivers/STM32L4xx_HAL_Driver/Src/stm32l4xx_hal_tim.o
                0x0800270c                HAL_TIM_IC_Init
 .text.HAL_TIM_IC_MspInit
                0x080027ba       0x14 ./Drivers/STM32L4xx_HAL_Driver/Src/stm32l4xx_hal_tim.o
                0x080027ba                HAL_TIM_IC_MspInit
 .text.HAL_TIM_IRQHandler
                0x080027ce      0x20e ./Drivers/STM32L4xx_HAL_Driver/Src/stm32l4xx_hal_tim.o
                0x080027ce                HAL_TIM_IRQHandler
 .text.HAL_TIM_IC_ConfigChannel
                0x080029dc      0x138 ./Drivers/STM32L4xx_HAL_Driver/Src/stm32l4xx_hal_tim.o
                0x080029dc                HAL_TIM_IC_ConfigChannel
 .text.HAL_TIM_PWM_ConfigChannel
                0x08002b14      0x228 ./Drivers/STM32L4xx_HAL_Driver/Src/stm32l4xx_hal_tim.o
                0x08002b14                HAL_TIM_PWM_ConfigChannel
 .text.HAL_TIM_ConfigClockSource
                0x08002d3c      0x192 ./Drivers/STM32L4xx_HAL_Driver/Src/stm32l4xx_hal_tim.o
                0x08002d3c                HAL_TIM_ConfigClockSource
 .text.HAL_TIM_OC_DelayElapsedCallback
                0x08002ece       0x14 ./Drivers/STM32L4xx_HAL_Driver/Src/stm32l4xx_hal_tim.o
                0x08002ece                HAL_TIM_OC_DelayElapsedCallback
 .text.HAL_TIM_IC_CaptureCallback
                0x08002ee2       0x14 ./Drivers/STM32L4xx_HAL_Driver/Src/stm32l4xx_hal_tim.o
                0x08002ee2                HAL_TIM_IC_CaptureCallback
 .text.HAL_TIM_PWM_PulseFinishedCallback
                0x08002ef6       0x14 ./Drivers/STM32L4xx_HAL_Driver/Src/stm32l4xx_hal_tim.o
                0x08002ef6                HAL_TIM_PWM_PulseFinishedCallback
 .text.HAL_TIM_TriggerCallback
                0x08002f0a       0x14 ./Drivers/STM32L4xx_HAL_Driver/Src/stm32l4xx_hal_tim.o
                0x08002f0a                HAL_TIM_TriggerCallback
 *fill*         0x08002f1e        0x2 
 .text.TIM_Base_SetConfig
                0x08002f20      0x14c ./Drivers/STM32L4xx_HAL_Driver/Src/stm32l4xx_hal_tim.o
                0x08002f20                TIM_Base_SetConfig
 .text.TIM_OC1_SetConfig
                0x0800306c      0x120 ./Drivers/STM32L4xx_HAL_Driver/Src/stm32l4xx_hal_tim.o
 .text.TIM_OC2_SetConfig
                0x0800318c      0x114 ./Drivers/STM32L4xx_HAL_Driver/Src/stm32l4xx_hal_tim.o
                0x0800318c                TIM_OC2_SetConfig
 .text.TIM_OC3_SetConfig
                0x080032a0      0x110 ./Drivers/STM32L4xx_HAL_Driver/Src/stm32l4xx_hal_tim.o
 .text.TIM_OC4_SetConfig
                0x080033b0       0xd4 ./Drivers/STM32L4xx_HAL_Driver/Src/stm32l4xx_hal_tim.o
 .text.TIM_OC5_SetConfig
                0x08003484       0xc8 ./Drivers/STM32L4xx_HAL_Driver/Src/stm32l4xx_hal_tim.o
 .text.TIM_OC6_SetConfig
                0x0800354c       0xcc ./Drivers/STM32L4xx_HAL_Driver/Src/stm32l4xx_hal_tim.o
 .text.TIM_TI1_SetConfig
                0x08003618       0xdc ./Drivers/STM32L4xx_HAL_Driver/Src/stm32l4xx_hal_tim.o
                0x08003618                TIM_TI1_SetConfig
 .text.TIM_TI1_ConfigInputStage
                0x080036f4       0x5e ./Drivers/STM32L4xx_HAL_Driver/Src/stm32l4xx_hal_tim.o
 .text.TIM_TI2_SetConfig
                0x08003752       0x7a ./Drivers/STM32L4xx_HAL_Driver/Src/stm32l4xx_hal_tim.o
 .text.TIM_TI2_ConfigInputStage
                0x080037cc       0x60 ./Drivers/STM32L4xx_HAL_Driver/Src/stm32l4xx_hal_tim.o
 .text.TIM_TI3_SetConfig
                0x0800382c       0x78 ./Drivers/STM32L4xx_HAL_Driver/Src/stm32l4xx_hal_tim.o
 .text.TIM_TI4_SetConfig
                0x080038a4       0x7a ./Drivers/STM32L4xx_HAL_Driver/Src/stm32l4xx_hal_tim.o
 .text.TIM_ITRx_SetConfig
                0x0800391e       0x36 ./Drivers/STM32L4xx_HAL_Driver/Src/stm32l4xx_hal_tim.o
 .text.TIM_ETR_SetConfig
                0x08003954       0x40 ./Drivers/STM32L4xx_HAL_Driver/Src/stm32l4xx_hal_tim.o
                0x08003954                TIM_ETR_SetConfig
 .text.TIM_CCxChannelCmd
                0x08003994       0x4a ./Drivers/STM32L4xx_HAL_Driver/Src/stm32l4xx_hal_tim.o
                0x08003994                TIM_CCxChannelCmd
 *fill*         0x080039de        0x2 
 .text.HAL_TIMEx_MasterConfigSynchronization
                0x080039e0      0x110 ./Drivers/STM32L4xx_HAL_Driver/Src/stm32l4xx_hal_tim_ex.o
                0x080039e0                HAL_TIMEx_MasterConfigSynchronization
 .text.HAL_TIMEx_ConfigBreakDeadTime
                0x08003af0       0xfc ./Drivers/STM32L4xx_HAL_Driver/Src/stm32l4xx_hal_tim_ex.o
                0x08003af0                HAL_TIMEx_ConfigBreakDeadTime
 .text.HAL_TIMEx_CommutCallback
                0x08003bec       0x14 ./Drivers/STM32L4xx_HAL_Driver/Src/stm32l4xx_hal_tim_ex.o
                0x08003bec                HAL_TIMEx_CommutCallback
 .text.HAL_TIMEx_BreakCallback
                0x08003c00       0x14 ./Drivers/STM32L4xx_HAL_Driver/Src/stm32l4xx_hal_tim_ex.o
                0x08003c00                HAL_TIMEx_BreakCallback
 .text.HAL_TIMEx_Break2Callback
                0x08003c14       0x14 ./Drivers/STM32L4xx_HAL_Driver/Src/stm32l4xx_hal_tim_ex.o
                0x08003c14                HAL_TIMEx_Break2Callback
 .text.memset   0x08003c28       0x10 /opt/st/stm32cubeide_1.18.0/plugins/com.st.stm32cube.ide.mcu.externaltools.gnu-tools-for-stm32.13.3.rel1.linux64_1.0.0.202410170706/tools/bin/../lib/gcc/arm-none-eabi/13.3.1/../../../../arm-none-eabi/lib/thumb/v7e-m+fp/hard/libc_nano.a(libc_a-memset.o)
                0x08003c28                memset
 .text.__libc_init_array
                0x08003c38       0x48 /opt/st/stm32cubeide_1.18.0/plugins/com.st.stm32cube.ide.mcu.externaltools.gnu-tools-for-stm32.13.3.rel1.linux64_1.0.0.202410170706/tools/bin/../lib/gcc/arm-none-eabi/13.3.1/../../../../arm-none-eabi/lib/thumb/v7e-m+fp/hard/libc_nano.a(libc_a-init.o)
                0x08003c38                __libc_init_array
 *(.glue_7)
 .glue_7        0x08003c80        0x0 linker stubs
 *(.glue_7t)
 .glue_7t       0x08003c80        0x0 linker stubs
 *(.eh_frame)
 .eh_frame      0x08003c80        0x0 /opt/st/stm32cubeide_1.18.0/plugins/com.st.stm32cube.ide.mcu.externaltools.gnu-tools-for-stm32.13.3.rel1.linux64_1.0.0.202410170706/tools/bin/../lib/gcc/arm-none-eabi/13.3.1/thumb/v7e-m+fp/hard/crtbegin.o
 *(.init)
 .init          0x08003c80        0x4 /opt/st/stm32cubeide_1.18.0/plugins/com.st.stm32cube.ide.mcu.externaltools.gnu-tools-for-stm32.13.3.rel1.linux64_1.0.0.202410170706/tools/bin/../lib/gcc/arm-none-eabi/13.3.1/thumb/v7e-m+fp/hard/crti.o
                0x08003c80                _init
 .init          0x08003c84        0x8 /opt/st/stm32cubeide_1.18.0/plugins/com.st.stm32cube.ide.mcu.externaltools.gnu-tools-for-stm32.13.3.rel1.linux64_1.0.0.202410170706/tools/bin/../lib/gcc/arm-none-eabi/13.3.1/thumb/v7e-m+fp/hard/crtn.o
 *(.fini)
 .fini          0x08003c8c        0x4 /opt/st/stm32cubeide_1.18.0/plugins/com.st.stm32cube.ide.mcu.externaltools.gnu-tools-for-stm32.13.3.rel1.linux64_1.0.0.202410170706/tools/bin/../lib/gcc/arm-none-eabi/13.3.1/thumb/v7e-m+fp/hard/crti.o
                0x08003c8c                _fini
 .fini          0x08003c90        0x8 /opt/st/stm32cubeide_1.18.0/plugins/com.st.stm32cube.ide.mcu.externaltools.gnu-tools-for-stm32.13.3.rel1.linux64_1.0.0.202410170706/tools/bin/../lib/gcc/arm-none-eabi/13.3.1/thumb/v7e-m+fp/hard/crtn.o
                0x08003c98                        . = ALIGN (0x4)
                0x08003c98                        _etext = .

.vfp11_veneer   0x08003c98        0x0
 .vfp11_veneer  0x08003c98        0x0 linker stubs

.v4_bx          0x08003c98        0x0
 .v4_bx         0x08003c98        0x0 linker stubs

.iplt           0x08003c98        0x0
 .iplt          0x08003c98        0x0 /opt/st/stm32cubeide_1.18.0/plugins/com.st.stm32cube.ide.mcu.externaltools.gnu-tools-for-stm32.13.3.rel1.linux64_1.0.0.202410170706/tools/bin/../lib/gcc/arm-none-eabi/13.3.1/thumb/v7e-m+fp/hard/crtbegin.o

.rodata         0x08003c98       0x40
                0x08003c98                        . = ALIGN (0x4)
 *(.rodata)
 *(.rodata*)
 .rodata.AHBPrescTable
                0x08003c98       0x10 ./Core/Src/system_stm32l4xx.o
                0x08003c98                AHBPrescTable
 .rodata.MSIRangeTable
                0x08003ca8       0x30 ./Core/Src/system_stm32l4xx.o
                0x08003ca8                MSIRangeTable
                0x08003cd8                        . = ALIGN (0x4)

.ARM.extab      0x08003cd8        0x0
                0x08003cd8                        . = ALIGN (0x4)
 *(.ARM.extab* .gnu.linkonce.armextab.*)
                0x08003cd8                        . = ALIGN (0x4)

.ARM            0x08003cd8        0x0
                0x08003cd8                        . = ALIGN (0x4)
                0x08003cd8                        __exidx_start = .
 *(.ARM.exidx*)
                0x08003cd8                        __exidx_end = .
                0x08003cd8                        . = ALIGN (0x4)

.preinit_array  0x08003cd8        0x0
                0x08003cd8                        . = ALIGN (0x4)
                0x08003cd8                        PROVIDE (__preinit_array_start = .)
 *(.preinit_array*)
                0x08003cd8                        PROVIDE (__preinit_array_end = .)
                0x08003cd8                        . = ALIGN (0x4)

.init_array     0x08003cd8        0x4
                0x08003cd8                        . = ALIGN (0x4)
                0x08003cd8                        PROVIDE (__init_array_start = .)
 *(SORT_BY_NAME(.init_array.*))
 *(.init_array*)
 .init_array    0x08003cd8        0x4 /opt/st/stm32cubeide_1.18.0/plugins/com.st.stm32cube.ide.mcu.externaltools.gnu-tools-for-stm32.13.3.rel1.linux64_1.0.0.202410170706/tools/bin/../lib/gcc/arm-none-eabi/13.3.1/thumb/v7e-m+fp/hard/crtbegin.o
                0x08003cdc                        PROVIDE (__init_array_end = .)
                0x08003cdc                        . = ALIGN (0x4)

.fini_array     0x08003cdc        0x4
                0x08003cdc                        . = ALIGN (0x4)
                [!provide]                        PROVIDE (__fini_array_start = .)
 *(SORT_BY_NAME(.fini_array.*))
 *(.fini_array*)
 .fini_array    0x08003cdc        0x4 /opt/st/stm32cubeide_1.18.0/plugins/com.st.stm32cube.ide.mcu.externaltools.gnu-tools-for-stm32.13.3.rel1.linux64_1.0.0.202410170706/tools/bin/../lib/gcc/arm-none-eabi/13.3.1/thumb/v7e-m+fp/hard/crtbegin.o
                [!provide]                        PROVIDE (__fini_array_end = .)
                0x08003ce0                        . = ALIGN (0x4)
                0x08003ce0                        _sidata = LOADADDR (.data)

.rel.dyn        0x08003ce0        0x0
 .rel.iplt      0x08003ce0        0x0 /opt/st/stm32cubeide_1.18.0/plugins/com.st.stm32cube.ide.mcu.externaltools.gnu-tools-for-stm32.13.3.rel1.linux64_1.0.0.202410170706/tools/bin/../lib/gcc/arm-none-eabi/13.3.1/thumb/v7e-m+fp/hard/crtbegin.o

.data           0x20000000       0x10 load address 0x08003ce0
                0x20000000                        . = ALIGN (0x4)
                0x20000000                        _sdata = .
 *(.data)
 *(.data*)
 .data.RECEIVER_PreviousValue
                0x20000000        0x4 ./Core/Src/receiver.o
                0x20000000                RECEIVER_PreviousValue
 .data.SystemCoreClock
                0x20000004        0x4 ./Core/Src/system_stm32l4xx.o
                0x20000004                SystemCoreClock
 .data.uwTickPrio
                0x20000008        0x4 ./Drivers/STM32L4xx_HAL_Driver/Src/stm32l4xx_hal.o
                0x20000008                uwTickPrio
 .data.uwTickFreq
                0x2000000c        0x1 ./Drivers/STM32L4xx_HAL_Driver/Src/stm32l4xx_hal.o
                0x2000000c                uwTickFreq
 *(.RamFunc)
 *(.RamFunc*)
                0x20000010                        . = ALIGN (0x4)
 *fill*         0x2000000d        0x3 
                0x20000010                        _edata = .

.igot.plt       0x20000010        0x0 load address 0x08003cf0
 .igot.plt      0x20000010        0x0 /opt/st/stm32cubeide_1.18.0/plugins/com.st.stm32cube.ide.mcu.externaltools.gnu-tools-for-stm32.13.3.rel1.linux64_1.0.0.202410170706/tools/bin/../lib/gcc/arm-none-eabi/13.3.1/thumb/v7e-m+fp/hard/crtbegin.o
                0x20000010                        . = ALIGN (0x4)

.bss            0x20000010      0x1c0 load address 0x08003cf0
                0x20000010                        _sbss = .
                0x20000010                        __bss_start__ = _sbss
 *(.bss)
 .bss           0x20000010       0x1c /opt/st/stm32cubeide_1.18.0/plugins/com.st.stm32cube.ide.mcu.externaltools.gnu-tools-for-stm32.13.3.rel1.linux64_1.0.0.202410170706/tools/bin/../lib/gcc/arm-none-eabi/13.3.1/thumb/v7e-m+fp/hard/crtbegin.o
 *(.bss*)
 .bss.htim1     0x2000002c       0x4c ./Core/Src/main.o
                0x2000002c                htim1
 .bss.htim2     0x20000078       0x4c ./Core/Src/main.o
                0x20000078                htim2
 .bss.htim4     0x200000c4       0x4c ./Core/Src/main.o
                0x200000c4                htim4
 .bss.htim5     0x20000110       0x4c ./Core/Src/main.o
                0x20000110                htim5
 .bss.htim15    0x2000015c       0x4c ./Core/Src/main.o
                0x2000015c                htim15
 .bss.currentTask
                0x200001a8        0x1 ./Core/Src/scheduler.o
 *fill*         0x200001a9        0x3 
 .bss.trigger_counter
                0x200001ac        0x4 ./Core/Src/scheduler.o
 .bss.GREEN_LED_State
                0x200001b0        0x4 ./Core/Src/task.o
 .bss.EMITTER_State
                0x200001b4        0x4 ./Core/Src/task.o
 .bss.RECEIVER_Pressed
                0x200001b8        0x4 ./Core/Src/task.o
 .bss.searchSuccess
                0x200001bc        0x4 ./Core/Src/task.o
 .bss.time_start
                0x200001c0        0x4 ./Core/Src/ultrasonic.o
                0x200001c0                time_start
 .bss.time_end  0x200001c4        0x4 ./Core/Src/ultrasonic.o
                0x200001c4                time_end
 .bss.distance_cm
                0x200001c8        0x4 ./Core/Src/ultrasonic.o
                0x200001c8                distance_cm
 .bss.uwTick    0x200001cc        0x4 ./Drivers/STM32L4xx_HAL_Driver/Src/stm32l4xx_hal.o
                0x200001cc                uwTick
 *(COMMON)
                0x200001d0                        . = ALIGN (0x4)
                0x200001d0                        _ebss = .
                0x200001d0                        __bss_end__ = _ebss

._user_heap_stack
                0x200001d0      0x600 load address 0x08003cf0
                0x200001d0                        . = ALIGN (0x8)
                [!provide]                        PROVIDE (end = .)
                0x200001d0                        PROVIDE (_end = .)
                0x200003d0                        . = (. + _Min_Heap_Size)
 *fill*         0x200001d0      0x200 
                0x200007d0                        . = (. + _Min_Stack_Size)
 *fill*         0x200003d0      0x400 
                0x200007d0                        . = ALIGN (0x8)

/DISCARD/
 libc.a(*)
 libm.a(*)
 libgcc.a(*)

.ARM.attributes
                0x00000000       0x30
 *(.ARM.attributes)
 .ARM.attributes
                0x00000000       0x22 /opt/st/stm32cubeide_1.18.0/plugins/com.st.stm32cube.ide.mcu.externaltools.gnu-tools-for-stm32.13.3.rel1.linux64_1.0.0.202410170706/tools/bin/../lib/gcc/arm-none-eabi/13.3.1/thumb/v7e-m+fp/hard/crti.o
 .ARM.attributes
                0x00000022       0x34 /opt/st/stm32cubeide_1.18.0/plugins/com.st.stm32cube.ide.mcu.externaltools.gnu-tools-for-stm32.13.3.rel1.linux64_1.0.0.202410170706/tools/bin/../lib/gcc/arm-none-eabi/13.3.1/thumb/v7e-m+fp/hard/crtbegin.o
 .ARM.attributes
                0x00000056       0x34 ./Core/Src/emitter.o
 .ARM.attributes
                0x0000008a       0x34 ./Core/Src/greenLed.o
 .ARM.attributes
                0x000000be       0x34 ./Core/Src/main.o
 .ARM.attributes
                0x000000f2       0x34 ./Core/Src/receiver.o
 .ARM.attributes
                0x00000126       0x34 ./Core/Src/scheduler.o
 .ARM.attributes
                0x0000015a       0x34 ./Core/Src/stm32l4xx_hal_msp.o
 .ARM.attributes
                0x0000018e       0x34 ./Core/Src/stm32l4xx_it.o
 .ARM.attributes
                0x000001c2       0x34 ./Core/Src/system_stm32l4xx.o
 .ARM.attributes
                0x000001f6       0x34 ./Core/Src/task.o
 .ARM.attributes
                0x0000022a       0x34 ./Core/Src/ultrasonic.o
 .ARM.attributes
                0x0000025e       0x34 ./Core/Src/utils.o
 .ARM.attributes
                0x00000292       0x21 ./Core/Startup/startup_stm32l476rgtx.o
 .ARM.attributes
                0x000002b3       0x34 ./Drivers/STM32L4xx_HAL_Driver/Src/stm32l4xx_hal.o
 .ARM.attributes
                0x000002e7       0x34 ./Drivers/STM32L4xx_HAL_Driver/Src/stm32l4xx_hal_cortex.o
 .ARM.attributes
                0x0000031b       0x34 ./Drivers/STM32L4xx_HAL_Driver/Src/stm32l4xx_hal_gpio.o
 .ARM.attributes
                0x0000034f       0x34 ./Drivers/STM32L4xx_HAL_Driver/Src/stm32l4xx_hal_pwr_ex.o
 .ARM.attributes
                0x00000383       0x34 ./Drivers/STM32L4xx_HAL_Driver/Src/stm32l4xx_hal_rcc.o
 .ARM.attributes
                0x000003b7       0x34 ./Drivers/STM32L4xx_HAL_Driver/Src/stm32l4xx_hal_tim.o
 .ARM.attributes
                0x000003eb       0x34 ./Drivers/STM32L4xx_HAL_Driver/Src/stm32l4xx_hal_tim_ex.o
 .ARM.attributes
                0x0000041f       0x34 /opt/st/stm32cubeide_1.18.0/plugins/com.st.stm32cube.ide.mcu.externaltools.gnu-tools-for-stm32.13.3.rel1.linux64_1.0.0.202410170706/tools/bin/../lib/gcc/arm-none-eabi/13.3.1/../../../../arm-none-eabi/lib/thumb/v7e-m+fp/hard/libc_nano.a(libc_a-memset.o)
 .ARM.attributes
                0x00000453       0x34 /opt/st/stm32cubeide_1.18.0/plugins/com.st.stm32cube.ide.mcu.externaltools.gnu-tools-for-stm32.13.3.rel1.linux64_1.0.0.202410170706/tools/bin/../lib/gcc/arm-none-eabi/13.3.1/../../../../arm-none-eabi/lib/thumb/v7e-m+fp/hard/libc_nano.a(libc_a-init.o)
 .ARM.attributes
                0x00000487       0x22 /opt/st/stm32cubeide_1.18.0/plugins/com.st.stm32cube.ide.mcu.externaltools.gnu-tools-for-stm32.13.3.rel1.linux64_1.0.0.202410170706/tools/bin/../lib/gcc/arm-none-eabi/13.3.1/thumb/v7e-m+fp/hard/crtn.o
OUTPUT(IR_Emitter.elf elf32-littlearm)
LOAD linker stubs
LOAD /opt/st/stm32cubeide_1.18.0/plugins/com.st.stm32cube.ide.mcu.externaltools.gnu-tools-for-stm32.13.3.rel1.linux64_1.0.0.202410170706/tools/bin/../lib/gcc/arm-none-eabi/13.3.1/../../../../arm-none-eabi/lib/thumb/v7e-m+fp/hard/libc.a
LOAD /opt/st/stm32cubeide_1.18.0/plugins/com.st.stm32cube.ide.mcu.externaltools.gnu-tools-for-stm32.13.3.rel1.linux64_1.0.0.202410170706/tools/bin/../lib/gcc/arm-none-eabi/13.3.1/../../../../arm-none-eabi/lib/thumb/v7e-m+fp/hard/libm.a
LOAD /opt/st/stm32cubeide_1.18.0/plugins/com.st.stm32cube.ide.mcu.externaltools.gnu-tools-for-stm32.13.3.rel1.linux64_1.0.0.202410170706/tools/bin/../lib/gcc/arm-none-eabi/13.3.1/thumb/v7e-m+fp/hard/libgcc.a

.debug_info     0x00000000     0xc026
 .debug_info    0x00000000      0x1f3 ./Core/Src/emitter.o
 .debug_info    0x000001f3      0x1f3 ./Core/Src/greenLed.o
 .debug_info    0x000003e6     0x145a ./Core/Src/main.o
 .debug_info    0x00001840      0x205 ./Core/Src/receiver.o
 .debug_info    0x00001a45      0x8b2 ./Core/Src/scheduler.o
 .debug_info    0x000022f7      0xdff ./Core/Src/stm32l4xx_hal_msp.o
 .debug_info    0x000030f6      0x762 ./Core/Src/stm32l4xx_it.o
 .debug_info    0x00003858      0x5b1 ./Core/Src/system_stm32l4xx.o
 .debug_info    0x00003e09      0x176 ./Core/Src/task.o
 .debug_info    0x00003f7f      0x6bf ./Core/Src/ultrasonic.o
 .debug_info    0x0000463e      0x1ed ./Core/Src/utils.o
 .debug_info    0x0000482b       0x30 ./Core/Startup/startup_stm32l476rgtx.o
 .debug_info    0x0000485b      0xc09 ./Drivers/STM32L4xx_HAL_Driver/Src/stm32l4xx_hal.o
 .debug_info    0x00005464      0xd81 ./Drivers/STM32L4xx_HAL_Driver/Src/stm32l4xx_hal_cortex.o
 .debug_info    0x000061e5      0x757 ./Drivers/STM32L4xx_HAL_Driver/Src/stm32l4xx_hal_gpio.o
 .debug_info    0x0000693c      0x99e ./Drivers/STM32L4xx_HAL_Driver/Src/stm32l4xx_hal_pwr_ex.o
 .debug_info    0x000072da      0xc14 ./Drivers/STM32L4xx_HAL_Driver/Src/stm32l4xx_hal_rcc.o
 .debug_info    0x00007eee     0x2a9a ./Drivers/STM32L4xx_HAL_Driver/Src/stm32l4xx_hal_tim.o
 .debug_info    0x0000a988     0x169e ./Drivers/STM32L4xx_HAL_Driver/Src/stm32l4xx_hal_tim_ex.o

.debug_abbrev   0x00000000     0x213f
 .debug_abbrev  0x00000000      0x11c ./Core/Src/emitter.o
 .debug_abbrev  0x0000011c      0x11c ./Core/Src/greenLed.o
 .debug_abbrev  0x00000238      0x2bf ./Core/Src/main.o
 .debug_abbrev  0x000004f7      0x135 ./Core/Src/receiver.o
 .debug_abbrev  0x0000062c      0x213 ./Core/Src/scheduler.o
 .debug_abbrev  0x0000083f      0x1be ./Core/Src/stm32l4xx_hal_msp.o
 .debug_abbrev  0x000009fd      0x195 ./Core/Src/stm32l4xx_it.o
 .debug_abbrev  0x00000b92      0x11a ./Core/Src/system_stm32l4xx.o
 .debug_abbrev  0x00000cac       0xd0 ./Core/Src/task.o
 .debug_abbrev  0x00000d7c      0x19c ./Core/Src/ultrasonic.o
 .debug_abbrev  0x00000f18      0x11a ./Core/Src/utils.o
 .debug_abbrev  0x00001032       0x24 ./Core/Startup/startup_stm32l476rgtx.o
 .debug_abbrev  0x00001056      0x243 ./Drivers/STM32L4xx_HAL_Driver/Src/stm32l4xx_hal.o
 .debug_abbrev  0x00001299      0x31c ./Drivers/STM32L4xx_HAL_Driver/Src/stm32l4xx_hal_cortex.o
 .debug_abbrev  0x000015b5      0x1cb ./Drivers/STM32L4xx_HAL_Driver/Src/stm32l4xx_hal_gpio.o
 .debug_abbrev  0x00001780      0x1f9 ./Drivers/STM32L4xx_HAL_Driver/Src/stm32l4xx_hal_pwr_ex.o
 .debug_abbrev  0x00001979      0x2cb ./Drivers/STM32L4xx_HAL_Driver/Src/stm32l4xx_hal_rcc.o
 .debug_abbrev  0x00001c44      0x278 ./Drivers/STM32L4xx_HAL_Driver/Src/stm32l4xx_hal_tim.o
 .debug_abbrev  0x00001ebc      0x283 ./Drivers/STM32L4xx_HAL_Driver/Src/stm32l4xx_hal_tim_ex.o

.debug_aranges  0x00000000      0xc98
 .debug_aranges
                0x00000000       0x28 ./Core/Src/emitter.o
 .debug_aranges
                0x00000028       0x28 ./Core/Src/greenLed.o
 .debug_aranges
                0x00000050       0x68 ./Core/Src/main.o
 .debug_aranges
                0x000000b8       0x28 ./Core/Src/receiver.o
 .debug_aranges
                0x000000e0       0x30 ./Core/Src/scheduler.o
 .debug_aranges
                0x00000110       0x38 ./Core/Src/stm32l4xx_hal_msp.o
 .debug_aranges
                0x00000148       0x78 ./Core/Src/stm32l4xx_it.o
 .debug_aranges
                0x000001c0       0x28 ./Core/Src/system_stm32l4xx.o
 .debug_aranges
                0x000001e8       0x38 ./Core/Src/task.o
 .debug_aranges
                0x00000220       0x28 ./Core/Src/ultrasonic.o
 .debug_aranges
                0x00000248       0x28 ./Core/Src/utils.o
 .debug_aranges
                0x00000270       0x28 ./Core/Startup/startup_stm32l476rgtx.o
 .debug_aranges
                0x00000298      0x130 ./Drivers/STM32L4xx_HAL_Driver/Src/stm32l4xx_hal.o
 .debug_aranges
                0x000003c8      0x128 ./Drivers/STM32L4xx_HAL_Driver/Src/stm32l4xx_hal_cortex.o
 .debug_aranges
                0x000004f0       0x58 ./Drivers/STM32L4xx_HAL_Driver/Src/stm32l4xx_hal_gpio.o
 .debug_aranges
                0x00000548      0x160 ./Drivers/STM32L4xx_HAL_Driver/Src/stm32l4xx_hal_pwr_ex.o
 .debug_aranges
                0x000006a8       0x90 ./Drivers/STM32L4xx_HAL_Driver/Src/stm32l4xx_hal_rcc.o
 .debug_aranges
                0x00000738      0x3e0 ./Drivers/STM32L4xx_HAL_Driver/Src/stm32l4xx_hal_tim.o
 .debug_aranges
                0x00000b18      0x180 ./Drivers/STM32L4xx_HAL_Driver/Src/stm32l4xx_hal_tim_ex.o

.debug_rnglists
                0x00000000      0x990
 .debug_rnglists
                0x00000000       0x19 ./Core/Src/emitter.o
 .debug_rnglists
                0x00000019       0x19 ./Core/Src/greenLed.o
 .debug_rnglists
                0x00000032       0x50 ./Core/Src/main.o
 .debug_rnglists
                0x00000082       0x19 ./Core/Src/receiver.o
 .debug_rnglists
                0x0000009b       0x1f ./Core/Src/scheduler.o
 .debug_rnglists
                0x000000ba       0x28 ./Core/Src/stm32l4xx_hal_msp.o
 .debug_rnglists
                0x000000e2       0x55 ./Core/Src/stm32l4xx_it.o
 .debug_rnglists
                0x00000137       0x1a ./Core/Src/system_stm32l4xx.o
 .debug_rnglists
                0x00000151       0x25 ./Core/Src/task.o
 .debug_rnglists
                0x00000176       0x19 ./Core/Src/ultrasonic.o
 .debug_rnglists
                0x0000018f       0x19 ./Core/Src/utils.o
 .debug_rnglists
                0x000001a8       0x19 ./Core/Startup/startup_stm32l476rgtx.o
 .debug_rnglists
                0x000001c1       0xdf ./Drivers/STM32L4xx_HAL_Driver/Src/stm32l4xx_hal.o
 .debug_rnglists
                0x000002a0       0xda ./Drivers/STM32L4xx_HAL_Driver/Src/stm32l4xx_hal_cortex.o
 .debug_rnglists
                0x0000037a       0x3f ./Drivers/STM32L4xx_HAL_Driver/Src/stm32l4xx_hal_gpio.o
 .debug_rnglists
                0x000003b9      0x109 ./Drivers/STM32L4xx_HAL_Driver/Src/stm32l4xx_hal_pwr_ex.o
 .debug_rnglists
                0x000004c2       0x6d ./Drivers/STM32L4xx_HAL_Driver/Src/stm32l4xx_hal_rcc.o
 .debug_rnglists
                0x0000052f      0x328 ./Drivers/STM32L4xx_HAL_Driver/Src/stm32l4xx_hal_tim.o
 .debug_rnglists
                0x00000857      0x139 ./Drivers/STM32L4xx_HAL_Driver/Src/stm32l4xx_hal_tim_ex.o

.debug_macro    0x00000000    0x26037
 .debug_macro   0x00000000      0x1b5 ./Core/Src/emitter.o
 .debug_macro   0x000001b5      0xad8 ./Core/Src/emitter.o
 .debug_macro   0x00000c8d      0x1a1 ./Core/Src/emitter.o
 .debug_macro   0x00000e2e       0x2e ./Core/Src/emitter.o
 .debug_macro   0x00000e5c       0x28 ./Core/Src/emitter.o
 .debug_macro   0x00000e84       0x22 ./Core/Src/emitter.o
 .debug_macro   0x00000ea6       0x8e ./Core/Src/emitter.o
 .debug_macro   0x00000f34       0x51 ./Core/Src/emitter.o
 .debug_macro   0x00000f85      0x103 ./Core/Src/emitter.o
 .debug_macro   0x00001088       0x6a ./Core/Src/emitter.o
 .debug_macro   0x000010f2      0x1df ./Core/Src/emitter.o
 .debug_macro   0x000012d1       0x1c ./Core/Src/emitter.o
 .debug_macro   0x000012ed       0x22 ./Core/Src/emitter.o
 .debug_macro   0x0000130f       0xfb ./Core/Src/emitter.o
 .debug_macro   0x0000140a     0x1011 ./Core/Src/emitter.o
 .debug_macro   0x0000241b      0x11f ./Core/Src/emitter.o
 .debug_macro   0x0000253a    0x1a17a ./Core/Src/emitter.o
 .debug_macro   0x0001c6b4       0x6d ./Core/Src/emitter.o
 .debug_macro   0x0001c721     0x38fb ./Core/Src/emitter.o
 .debug_macro   0x0002001c      0x190 ./Core/Src/emitter.o
 .debug_macro   0x000201ac       0x5c ./Core/Src/emitter.o
 .debug_macro   0x00020208     0x159e ./Core/Src/emitter.o
 .debug_macro   0x000217a6      0x5a5 ./Core/Src/emitter.o
 .debug_macro   0x00021d4b      0x1b9 ./Core/Src/emitter.o
 .debug_macro   0x00021f04      0x18b ./Core/Src/emitter.o
 .debug_macro   0x0002208f      0x26b ./Core/Src/emitter.o
 .debug_macro   0x000222fa      0x23d ./Core/Src/emitter.o
 .debug_macro   0x00022537      0x241 ./Core/Src/emitter.o
 .debug_macro   0x00022778      0x37c ./Core/Src/emitter.o
 .debug_macro   0x00022af4       0xd6 ./Core/Src/emitter.o
 .debug_macro   0x00022bca      0x122 ./Core/Src/emitter.o
 .debug_macro   0x00022cec      0x3ef ./Core/Src/emitter.o
 .debug_macro   0x000230db      0xa98 ./Core/Src/emitter.o
 .debug_macro   0x00023b73      0x1e6 ./Core/Src/emitter.o
 .debug_macro   0x00023d59      0x330 ./Core/Src/emitter.o
 .debug_macro   0x00024089       0x16 ./Core/Src/emitter.o
 .debug_macro   0x0002409f      0x1b5 ./Core/Src/greenLed.o
 .debug_macro   0x00024254       0x16 ./Core/Src/greenLed.o
 .debug_macro   0x0002426a      0x1c5 ./Core/Src/main.o
 .debug_macro   0x0002442f       0xbe ./Core/Src/main.o
 .debug_macro   0x000244ed      0x1b5 ./Core/Src/receiver.o
 .debug_macro   0x000246a2       0x16 ./Core/Src/receiver.o
 .debug_macro   0x000246b8      0x1f3 ./Core/Src/scheduler.o
 .debug_macro   0x000248ab       0x28 ./Core/Src/scheduler.o
 .debug_macro   0x000248d3      0x1bb ./Core/Src/stm32l4xx_hal_msp.o
 .debug_macro   0x00024a8e      0x1ce ./Core/Src/stm32l4xx_it.o
 .debug_macro   0x00024c5c      0x1ac ./Core/Src/system_stm32l4xx.o
 .debug_macro   0x00024e08      0x1dd ./Core/Src/task.o
 .debug_macro   0x00024fe5      0x1d3 ./Core/Src/ultrasonic.o
 .debug_macro   0x000251b8       0x22 ./Core/Src/ultrasonic.o
 .debug_macro   0x000251da      0x1ed ./Core/Src/utils.o
 .debug_macro   0x000253c7      0x1fa ./Drivers/STM32L4xx_HAL_Driver/Src/stm32l4xx_hal.o
 .debug_macro   0x000255c1      0x1ac ./Drivers/STM32L4xx_HAL_Driver/Src/stm32l4xx_hal_cortex.o
 .debug_macro   0x0002576d      0x1b3 ./Drivers/STM32L4xx_HAL_Driver/Src/stm32l4xx_hal_gpio.o
 .debug_macro   0x00025920      0x1d0 ./Drivers/STM32L4xx_HAL_Driver/Src/stm32l4xx_hal_pwr_ex.o
 .debug_macro   0x00025af0      0x1ee ./Drivers/STM32L4xx_HAL_Driver/Src/stm32l4xx_hal_rcc.o
 .debug_macro   0x00025cde      0x1ad ./Drivers/STM32L4xx_HAL_Driver/Src/stm32l4xx_hal_tim.o
 .debug_macro   0x00025e8b      0x1ac ./Drivers/STM32L4xx_HAL_Driver/Src/stm32l4xx_hal_tim_ex.o

.debug_line     0x00000000     0xe432
 .debug_line    0x00000000      0x66b ./Core/Src/emitter.o
 .debug_line    0x0000066b      0x66b ./Core/Src/greenLed.o
 .debug_line    0x00000cd6      0x9f8 ./Core/Src/main.o
 .debug_line    0x000016ce      0x691 ./Core/Src/receiver.o
 .debug_line    0x00001d5f      0x71b ./Core/Src/scheduler.o
 .debug_line    0x0000247a      0x77b ./Core/Src/stm32l4xx_hal_msp.o
 .debug_line    0x00002bf5      0x760 ./Core/Src/stm32l4xx_it.o
 .debug_line    0x00003355      0x6f7 ./Core/Src/system_stm32l4xx.o
 .debug_line    0x00003a4c      0x704 ./Core/Src/task.o
 .debug_line    0x00004150      0x6b8 ./Core/Src/ultrasonic.o
 .debug_line    0x00004808      0x6c7 ./Core/Src/utils.o
 .debug_line    0x00004ecf       0x7a ./Core/Startup/startup_stm32l476rgtx.o
 .debug_line    0x00004f49      0xa60 ./Drivers/STM32L4xx_HAL_Driver/Src/stm32l4xx_hal.o
 .debug_line    0x000059a9      0xbfa ./Drivers/STM32L4xx_HAL_Driver/Src/stm32l4xx_hal_cortex.o
 .debug_line    0x000065a3      0xab3 ./Drivers/STM32L4xx_HAL_Driver/Src/stm32l4xx_hal_gpio.o
 .debug_line    0x00007056      0xc41 ./Drivers/STM32L4xx_HAL_Driver/Src/stm32l4xx_hal_pwr_ex.o
 .debug_line    0x00007c97      0xfb4 ./Drivers/STM32L4xx_HAL_Driver/Src/stm32l4xx_hal_rcc.o
 .debug_line    0x00008c4b     0x3d4b ./Drivers/STM32L4xx_HAL_Driver/Src/stm32l4xx_hal_tim.o
 .debug_line    0x0000c996     0x1a9c ./Drivers/STM32L4xx_HAL_Driver/Src/stm32l4xx_hal_tim_ex.o

.debug_str      0x00000000    0xe98e1
 .debug_str     0x00000000    0xe98e1 ./Core/Src/emitter.o
                              0xe5b7c (size before relaxing)
 .debug_str     0x000e98e1    0xe5b7d ./Core/Src/greenLed.o
 .debug_str     0x000e98e1    0xe6ff3 ./Core/Src/main.o
 .debug_str     0x000e98e1    0xe5b93 ./Core/Src/receiver.o
 .debug_str     0x000e98e1    0xe6610 ./Core/Src/scheduler.o
 .debug_str     0x000e98e1    0xe6a86 ./Core/Src/stm32l4xx_hal_msp.o
 .debug_str     0x000e98e1    0xe64a0 ./Core/Src/stm32l4xx_it.o
 .debug_str     0x000e98e1    0xe5cc2 ./Core/Src/system_stm32l4xx.o
 .debug_str     0x000e98e1    0xe5c3b ./Core/Src/task.o
 .debug_str     0x000e98e1    0xe6406 ./Core/Src/ultrasonic.o
 .debug_str     0x000e98e1    0xe605e ./Core/Src/utils.o
 .debug_str     0x000e98e1       0x82 ./Core/Startup/startup_stm32l476rgtx.o
 .debug_str     0x000e98e1    0xe68c1 ./Drivers/STM32L4xx_HAL_Driver/Src/stm32l4xx_hal.o
 .debug_str     0x000e98e1    0xe653b ./Drivers/STM32L4xx_HAL_Driver/Src/stm32l4xx_hal_cortex.o
 .debug_str     0x000e98e1    0xe5e3b ./Drivers/STM32L4xx_HAL_Driver/Src/stm32l4xx_hal_gpio.o
 .debug_str     0x000e98e1    0xe621d ./Drivers/STM32L4xx_HAL_Driver/Src/stm32l4xx_hal_pwr_ex.o
 .debug_str     0x000e98e1    0xe6308 ./Drivers/STM32L4xx_HAL_Driver/Src/stm32l4xx_hal_rcc.o
 .debug_str     0x000e98e1    0xe7002 ./Drivers/STM32L4xx_HAL_Driver/Src/stm32l4xx_hal_tim.o
 .debug_str     0x000e98e1    0xe6916 ./Drivers/STM32L4xx_HAL_Driver/Src/stm32l4xx_hal_tim_ex.o

.comment        0x00000000       0x43
 .comment       0x00000000       0x43 ./Core/Src/emitter.o
                                 0x44 (size before relaxing)
 .comment       0x00000043       0x44 ./Core/Src/greenLed.o
 .comment       0x00000043       0x44 ./Core/Src/main.o
 .comment       0x00000043       0x44 ./Core/Src/receiver.o
 .comment       0x00000043       0x44 ./Core/Src/scheduler.o
 .comment       0x00000043       0x44 ./Core/Src/stm32l4xx_hal_msp.o
 .comment       0x00000043       0x44 ./Core/Src/stm32l4xx_it.o
 .comment       0x00000043       0x44 ./Core/Src/system_stm32l4xx.o
 .comment       0x00000043       0x44 ./Core/Src/task.o
 .comment       0x00000043       0x44 ./Core/Src/ultrasonic.o
 .comment       0x00000043       0x44 ./Core/Src/utils.o
 .comment       0x00000043       0x44 ./Drivers/STM32L4xx_HAL_Driver/Src/stm32l4xx_hal.o
 .comment       0x00000043       0x44 ./Drivers/STM32L4xx_HAL_Driver/Src/stm32l4xx_hal_cortex.o
 .comment       0x00000043       0x44 ./Drivers/STM32L4xx_HAL_Driver/Src/stm32l4xx_hal_gpio.o
 .comment       0x00000043       0x44 ./Drivers/STM32L4xx_HAL_Driver/Src/stm32l4xx_hal_pwr_ex.o
 .comment       0x00000043       0x44 ./Drivers/STM32L4xx_HAL_Driver/Src/stm32l4xx_hal_rcc.o
 .comment       0x00000043       0x44 ./Drivers/STM32L4xx_HAL_Driver/Src/stm32l4xx_hal_tim.o
 .comment       0x00000043       0x44 ./Drivers/STM32L4xx_HAL_Driver/Src/stm32l4xx_hal_tim_ex.o

.debug_frame    0x00000000     0x31c0
 .debug_frame   0x00000000       0x50 ./Core/Src/emitter.o
 .debug_frame   0x00000050       0x50 ./Core/Src/greenLed.o
 .debug_frame   0x000000a0      0x15c ./Core/Src/main.o
 .debug_frame   0x000001fc       0x58 ./Core/Src/receiver.o
 .debug_frame   0x00000254       0x74 ./Core/Src/scheduler.o
 .debug_frame   0x000002c8       0xa4 ./Core/Src/stm32l4xx_hal_msp.o
 .debug_frame   0x0000036c      0x158 ./Core/Src/stm32l4xx_it.o
 .debug_frame   0x000004c4       0x58 ./Core/Src/system_stm32l4xx.o
 .debug_frame   0x0000051c       0x80 ./Core/Src/task.o
 .debug_frame   0x0000059c       0x58 ./Core/Src/ultrasonic.o
 .debug_frame   0x000005f4       0x48 ./Core/Src/utils.o
 .debug_frame   0x0000063c      0x498 ./Drivers/STM32L4xx_HAL_Driver/Src/stm32l4xx_hal.o
 .debug_frame   0x00000ad4      0x4e8 ./Drivers/STM32L4xx_HAL_Driver/Src/stm32l4xx_hal_cortex.o
 .debug_frame   0x00000fbc      0x14c ./Drivers/STM32L4xx_HAL_Driver/Src/stm32l4xx_hal_gpio.o
 .debug_frame   0x00001108      0x584 ./Drivers/STM32L4xx_HAL_Driver/Src/stm32l4xx_hal_pwr_ex.o
 .debug_frame   0x0000168c      0x21c ./Drivers/STM32L4xx_HAL_Driver/Src/stm32l4xx_hal_rcc.o
 .debug_frame   0x000018a8     0x121c ./Drivers/STM32L4xx_HAL_Driver/Src/stm32l4xx_hal_tim.o
 .debug_frame   0x00002ac4      0x6b0 ./Drivers/STM32L4xx_HAL_Driver/Src/stm32l4xx_hal_tim_ex.o
 .debug_frame   0x00003174       0x20 /opt/st/stm32cubeide_1.18.0/plugins/com.st.stm32cube.ide.mcu.externaltools.gnu-tools-for-stm32.13.3.rel1.linux64_1.0.0.202410170706/tools/bin/../lib/gcc/arm-none-eabi/13.3.1/../../../../arm-none-eabi/lib/thumb/v7e-m+fp/hard/libc_nano.a(libc_a-memset.o)
 .debug_frame   0x00003194       0x2c /opt/st/stm32cubeide_1.18.0/plugins/com.st.stm32cube.ide.mcu.externaltools.gnu-tools-for-stm32.13.3.rel1.linux64_1.0.0.202410170706/tools/bin/../lib/gcc/arm-none-eabi/13.3.1/../../../../arm-none-eabi/lib/thumb/v7e-m+fp/hard/libc_nano.a(libc_a-init.o)

.debug_line_str
                0x00000000       0x66
 .debug_line_str
                0x00000000       0x66 ./Core/Startup/startup_stm32l476rgtx.o
